1. ivaninubuntu@ivanin:~$ sudo fdisk -l | grep /dev/sdb
Disk /dev/sdb: 6 GiB, 6442450944 bytes, 12582912 sectors
/dev/sdb1          2048  2099199  2097152   1G 83 Linux
/dev/sdb2       2099200 12582911 10483712   5G  5 Extended
/dev/sdb5       2101248 12582911 10481664   5G 83 Linux

ivaninubuntu@ivanin:~$ sudo mkfs.ext4 /dev/sdb1 
mke2fs 1.46.5 (30-Dec-2021)
Creating filesystem with 262144 4k blocks and 65536 inodes
Filesystem UUID: c1b8540e-f1e1-413b-bd98-4cc41b395a12
Superblock backups stored on blocks: 
	32768, 98304, 163840, 229376

Allocating group tables: done                            
Writing inode tables: done                            
Creating journal (8192 blocks): done
Writing superblocks and filesystem accounting information: done

ivaninubuntu@ivanin:~$ sudo mkfs.ext4 /dev/sdb5
mke2fs 1.46.5 (30-Dec-2021)
Creating filesystem with 1310208 4k blocks and 327680 inodes
Filesystem UUID: 0f90828f-f430-4b7e-9172-fce24f3586e8
Superblock backups stored on blocks: 
	32768, 98304, 163840, 229376, 294912, 819200, 884736

Allocating group tables: done                            
Writing inode tables: done                            
Creating journal (16384 blocks): done
Writing superblocks and filesystem accounting information: done

ivaninubuntu@ivanin:~$ sudo mkdir /mnt/home
ivaninubuntu@ivanin:~$ chown -R 660 /mnt/home
ivaninubuntu@ivanin:~$ nano /etc/fstab
ivaninubuntu@ivanin:~$ sudo nano /etc/fstab
добавляем /dev/sdb5 /mnt/home ext4 deafults 0 0 - чтобы диск монтировался сразу после старта ос
ivaninubuntu@ivanin:~$ sudo mount -a

2. ivaninubuntu@ivanin:~$ sudo mkdir /mnt/home/penguin
ivaninubuntu@ivanin:~$ sudo cp -rT /etc/skel /mnt/home/penguin/
ivaninubuntu@ivanin:~$ sudo useradd -d /mnt/home/penguin/ penguin

3. ivaninubuntu@ivanin:~$ sudo groupadd birds
ivaninubuntu@ivanin:~$ sudo usermod -aG birds penguin   
ivaninubuntu@ivanin:~$ cat /etc/passwd | grep penguin
penguin:x:1001:1001::/mnt/home/penguin/:/bin/sh

4. ivaninubuntu@ivanin:~$ sudo mkdir /var/wintering
ivaninubuntu@ivanin:~$ groups penguin
penguin : penguin birds
ivaninubuntu@ivanin:~$ sudo chgrp birds /var/wintering
ivaninubuntu@ivanin:~$ sudo chmod g+rw /var/wintering
ivaninubuntu@ivanin:~$ ls -al /var/wintering/
total 8
drwxrwxr-x  2 root birds 4096 febr   7 11:59 .
drwxr-xr-x 15 root root  4096 febr   7 11:59 ..

5. ivaninubuntu@ivanin:~$ sudo cat /etc/sudoers | grep penguin
penguin ALL=(ALL) NOPASSWD: /bin/systemctl restart ntp
ivaninubuntu@ivanin:~$ su penguin
Password: 
$ sudo systemctl restart ntp

6. iostat -x выводить расширенную информацию по загруженности системы, я бы наверное добавил -xh и интервал за какое нибудь время чтобы понимать, 
в моменте система нагружается или нагрузка происходит за отрезок времени

7.  chmod -x $(which chmod) - убирает правда на выполнение x утилиты chmod
